Archive member included because of file (symbol)

/usr/lib/gcc/avr/4.8.2/avr25/tiny-stack/libgcc.a(_exit.o)
                              /usr/lib/gcc/avr/4.8.2/../../../avr/lib/crttn13.o (exit)
/usr/lib/gcc/avr/4.8.2/avr25/tiny-stack/libgcc.a(_clear_bss.o)
                              ./main.o (__do_clear_bss)

Discarded input sections

 .group         0x0000000000000000        0x8 ./main.o
 .group         0x0000000000000000        0x8 ./main.o
 .group         0x0000000000000000        0x8 ./main.o
 .group         0x0000000000000000        0x8 ./main.o
 .group         0x0000000000000000        0x8 ./main.o
 .group         0x0000000000000000        0x8 ./main.o
 .group         0x0000000000000000        0x8 ./main.o
 .group         0x0000000000000000        0x8 ./main.o
 .group         0x0000000000000000        0x8 ./main.o
 .group         0x0000000000000000        0x8 ./main.o
 .group         0x0000000000000000        0x8 ./main.o
 .group         0x0000000000000000        0x8 ./main.o

Memory Configuration

Name             Origin             Length             Attributes
text             0x0000000000000000 0x0000000000002000 xr
data             0x0000000000800060 0x000000000000ffa0 rw !x
eeprom           0x0000000000810000 0x0000000000010000 rw !x
fuse             0x0000000000820000 0x0000000000000400 rw !x
lock             0x0000000000830000 0x0000000000000400 rw !x
signature        0x0000000000840000 0x0000000000000400 rw !x
user_signatures  0x0000000000850000 0x0000000000000400 rw !x
*default*        0x0000000000000000 0xffffffffffffffff

Linker script and memory map

LOAD /usr/lib/gcc/avr/4.8.2/../../../avr/lib/crttn13.o
LOAD ./main.o
START GROUP
LOAD /usr/lib/gcc/avr/4.8.2/avr25/tiny-stack/libgcc.a
LOAD /usr/lib/gcc/avr/4.8.2/../../../avr/lib/libm.a
LOAD /usr/lib/gcc/avr/4.8.2/../../../avr/lib/libc.a
END GROUP

.hash
 *(.hash)

.dynsym
 *(.dynsym)

.dynstr
 *(.dynstr)

.gnu.version
 *(.gnu.version)

.gnu.version_d
 *(.gnu.version_d)

.gnu.version_r
 *(.gnu.version_r)

.rel.init
 *(.rel.init)

.rela.init
 *(.rela.init)

.rel.text
 *(.rel.text)
 *(.rel.text.*)
 *(.rel.gnu.linkonce.t*)

.rela.text
 *(.rela.text)
 *(.rela.text.*)
 *(.rela.gnu.linkonce.t*)

.rel.fini
 *(.rel.fini)

.rela.fini
 *(.rela.fini)

.rel.rodata
 *(.rel.rodata)
 *(.rel.rodata.*)
 *(.rel.gnu.linkonce.r*)

.rela.rodata
 *(.rela.rodata)
 *(.rela.rodata.*)
 *(.rela.gnu.linkonce.r*)

.rel.data
 *(.rel.data)
 *(.rel.data.*)
 *(.rel.gnu.linkonce.d*)

.rela.data
 *(.rela.data)
 *(.rela.data.*)
 *(.rela.gnu.linkonce.d*)

.rel.ctors
 *(.rel.ctors)

.rela.ctors
 *(.rela.ctors)

.rel.dtors
 *(.rel.dtors)

.rela.dtors
 *(.rela.dtors)

.rel.got
 *(.rel.got)

.rela.got
 *(.rela.got)

.rel.bss
 *(.rel.bss)

.rela.bss
 *(.rela.bss)

.rel.plt
 *(.rel.plt)

.rela.plt
 *(.rela.plt)

.text           0x0000000000000000      0x114
 *(.vectors)
 .vectors       0x0000000000000000       0x14 /usr/lib/gcc/avr/4.8.2/../../../avr/lib/crttn13.o
                0x0000000000000000                __vectors
                0x0000000000000000                __vector_default
 *(.vectors)
 *(.progmem.gcc*)
 *(.progmem*)
                0x0000000000000014                . = ALIGN (0x2)
                0x0000000000000014                __trampolines_start = .
 *(.trampolines)
 .trampolines   0x0000000000000014        0x0 linker stubs
 *(.trampolines*)
                0x0000000000000014                __trampolines_end = .
 *(.jumptables)
 *(.jumptables*)
 *(.lowtext)
 *(.lowtext*)
                0x0000000000000014                __ctors_start = .
 *(.ctors)
                0x0000000000000014                __ctors_end = .
                0x0000000000000014                __dtors_start = .
 *(.dtors)
                0x0000000000000014                __dtors_end = .
 SORT(*)(.ctors)
 SORT(*)(.dtors)
 *(.init0)
 .init0         0x0000000000000014        0x0 /usr/lib/gcc/avr/4.8.2/../../../avr/lib/crttn13.o
                0x0000000000000014                __init
 *(.init0)
 *(.init1)
 *(.init1)
 *(.init2)
 .init2         0x0000000000000014        0x8 /usr/lib/gcc/avr/4.8.2/../../../avr/lib/crttn13.o
 *(.init2)
 *(.init3)
 *(.init3)
 *(.init4)
 .init4         0x000000000000001c       0x10 /usr/lib/gcc/avr/4.8.2/avr25/tiny-stack/libgcc.a(_clear_bss.o)
                0x000000000000001c                __do_clear_bss
 *(.init4)
 *(.init5)
 *(.init5)
 *(.init6)
 *(.init6)
 *(.init7)
 *(.init7)
 *(.init8)
 *(.init8)
 *(.init9)
 .init9         0x000000000000002c        0x4 /usr/lib/gcc/avr/4.8.2/../../../avr/lib/crttn13.o
 *(.init9)
 *(.text)
 .text          0x0000000000000030        0x2 /usr/lib/gcc/avr/4.8.2/../../../avr/lib/crttn13.o
                0x0000000000000030                __vector_1
                0x0000000000000030                __bad_interrupt
                0x0000000000000030                __vector_6
                0x0000000000000030                __vector_3
                0x0000000000000030                __vector_7
                0x0000000000000030                __vector_5
                0x0000000000000030                __vector_4
                0x0000000000000030                __vector_9
                0x0000000000000030                __vector_2
                0x0000000000000030                __vector_8
 .text          0x0000000000000032        0x0 ./main.o
 .text          0x0000000000000032        0x0 /usr/lib/gcc/avr/4.8.2/avr25/tiny-stack/libgcc.a(_exit.o)
 .text          0x0000000000000032        0x0 /usr/lib/gcc/avr/4.8.2/avr25/tiny-stack/libgcc.a(_clear_bss.o)
                0x0000000000000032                . = ALIGN (0x2)
 *(.text.*)
 .text.pwm_setup
                0x0000000000000032       0x72 ./main.o
                0x0000000000000032                pwm_setup
 .text.pson_switch
                0x00000000000000a4       0x60 ./main.o
                0x00000000000000a4                pson_switch
 .text.main     0x0000000000000104        0xc ./main.o
                0x0000000000000104                main
 .text.libgcc.mul
                0x0000000000000110        0x0 /usr/lib/gcc/avr/4.8.2/avr25/tiny-stack/libgcc.a(_exit.o)
 .text.libgcc.div
                0x0000000000000110        0x0 /usr/lib/gcc/avr/4.8.2/avr25/tiny-stack/libgcc.a(_exit.o)
 .text.libgcc   0x0000000000000110        0x0 /usr/lib/gcc/avr/4.8.2/avr25/tiny-stack/libgcc.a(_exit.o)
 .text.libgcc.prologue
                0x0000000000000110        0x0 /usr/lib/gcc/avr/4.8.2/avr25/tiny-stack/libgcc.a(_exit.o)
 .text.libgcc.builtins
                0x0000000000000110        0x0 /usr/lib/gcc/avr/4.8.2/avr25/tiny-stack/libgcc.a(_exit.o)
 .text.libgcc.fmul
                0x0000000000000110        0x0 /usr/lib/gcc/avr/4.8.2/avr25/tiny-stack/libgcc.a(_exit.o)
 .text.libgcc.fixed
                0x0000000000000110        0x0 /usr/lib/gcc/avr/4.8.2/avr25/tiny-stack/libgcc.a(_exit.o)
 .text.libgcc.mul
                0x0000000000000110        0x0 /usr/lib/gcc/avr/4.8.2/avr25/tiny-stack/libgcc.a(_clear_bss.o)
 .text.libgcc.div
                0x0000000000000110        0x0 /usr/lib/gcc/avr/4.8.2/avr25/tiny-stack/libgcc.a(_clear_bss.o)
 .text.libgcc   0x0000000000000110        0x0 /usr/lib/gcc/avr/4.8.2/avr25/tiny-stack/libgcc.a(_clear_bss.o)
 .text.libgcc.prologue
                0x0000000000000110        0x0 /usr/lib/gcc/avr/4.8.2/avr25/tiny-stack/libgcc.a(_clear_bss.o)
 .text.libgcc.builtins
                0x0000000000000110        0x0 /usr/lib/gcc/avr/4.8.2/avr25/tiny-stack/libgcc.a(_clear_bss.o)
 .text.libgcc.fmul
                0x0000000000000110        0x0 /usr/lib/gcc/avr/4.8.2/avr25/tiny-stack/libgcc.a(_clear_bss.o)
 .text.libgcc.fixed
                0x0000000000000110        0x0 /usr/lib/gcc/avr/4.8.2/avr25/tiny-stack/libgcc.a(_clear_bss.o)
                0x0000000000000110                . = ALIGN (0x2)
 *(.fini9)
 .fini9         0x0000000000000110        0x0 /usr/lib/gcc/avr/4.8.2/avr25/tiny-stack/libgcc.a(_exit.o)
                0x0000000000000110                exit
                0x0000000000000110                _exit
 *(.fini9)
 *(.fini8)
 *(.fini8)
 *(.fini7)
 *(.fini7)
 *(.fini6)
 *(.fini6)
 *(.fini5)
 *(.fini5)
 *(.fini4)
 *(.fini4)
 *(.fini3)
 *(.fini3)
 *(.fini2)
 *(.fini2)
 *(.fini1)
 *(.fini1)
 *(.fini0)
 .fini0         0x0000000000000110        0x4 /usr/lib/gcc/avr/4.8.2/avr25/tiny-stack/libgcc.a(_exit.o)
 *(.fini0)
                0x0000000000000114                _etext = .

.data           0x0000000000800060        0x0 load address 0x0000000000000114
                0x0000000000800060                PROVIDE (__data_start, .)
 *(.data)
 .data          0x0000000000800060        0x0 /usr/lib/gcc/avr/4.8.2/../../../avr/lib/crttn13.o
 .data          0x0000000000800060        0x0 ./main.o
 .data          0x0000000000800060        0x0 /usr/lib/gcc/avr/4.8.2/avr25/tiny-stack/libgcc.a(_exit.o)
 .data          0x0000000000800060        0x0 /usr/lib/gcc/avr/4.8.2/avr25/tiny-stack/libgcc.a(_clear_bss.o)
 *(.data*)
 *(.rodata)
 *(.rodata*)
 *(.gnu.linkonce.d*)
                0x0000000000800060                . = ALIGN (0x2)
                0x0000000000800060                _edata = .
                0x0000000000800060                PROVIDE (__data_end, .)

.bss            0x0000000000800060        0x3
                0x0000000000800060                PROVIDE (__bss_start, .)
 *(.bss)
 .bss           0x0000000000800060        0x0 /usr/lib/gcc/avr/4.8.2/../../../avr/lib/crttn13.o
 .bss           0x0000000000800060        0x0 ./main.o
 .bss           0x0000000000800060        0x0 /usr/lib/gcc/avr/4.8.2/avr25/tiny-stack/libgcc.a(_exit.o)
 .bss           0x0000000000800060        0x0 /usr/lib/gcc/avr/4.8.2/avr25/tiny-stack/libgcc.a(_clear_bss.o)
 *(.bss*)
 .bss.atx_status
                0x0000000000800060        0x1 ./main.o
                0x0000000000800060                atx_status
 .bss.full_light
                0x0000000000800061        0x1 ./main.o
                0x0000000000800061                full_light
 .bss.half_light
                0x0000000000800062        0x1 ./main.o
                0x0000000000800062                half_light
 *(COMMON)
                0x0000000000800063                PROVIDE (__bss_end, .)
                0x0000000000000114                __data_load_start = LOADADDR (.data)
                0x0000000000000114                __data_load_end = (__data_load_start + SIZEOF (.data))

.noinit         0x0000000000800063        0x0
                0x0000000000800063                PROVIDE (__noinit_start, .)
 *(.noinit*)
                0x0000000000800063                PROVIDE (__noinit_end, .)
                0x0000000000800063                _end = .
                0x0000000000800063                PROVIDE (__heap_start, .)

.eeprom         0x0000000000810000        0x0
 *(.eeprom*)
                0x0000000000810000                __eeprom_end = .

.fuse
 *(.fuse)
 *(.lfuse)
 *(.hfuse)
 *(.efuse)

.lock
 *(.lock*)

.signature
 *(.signature*)

.user_signatures
 *(.user_signatures*)

.stab           0x0000000000000000      0x6b4
 *(.stab)
 .stab          0x0000000000000000      0x6b4 /usr/lib/gcc/avr/4.8.2/../../../avr/lib/crttn13.o

.stabstr        0x0000000000000000       0x54
 *(.stabstr)
 .stabstr       0x0000000000000000       0x54 /usr/lib/gcc/avr/4.8.2/../../../avr/lib/crttn13.o

.stab.excl
 *(.stab.excl)

.stab.exclstr
 *(.stab.exclstr)

.stab.index
 *(.stab.index)

.stab.indexstr
 *(.stab.indexstr)

.comment        0x0000000000000000       0x11
 *(.comment)
 .comment       0x0000000000000000       0x11 ./main.o
                                         0x12 (size before relaxing)

.debug
 *(.debug)

.line
 *(.line)

.debug_srcinfo
 *(.debug_srcinfo)

.debug_sfnames
 *(.debug_sfnames)

.debug_aranges  0x0000000000000000       0x30
 *(.debug_aranges)
 .debug_aranges
                0x0000000000000000       0x30 ./main.o

.debug_pubnames
 *(.debug_pubnames)

.debug_info     0x0000000000000000       0xf3
 *(.debug_info)
 .debug_info    0x0000000000000000       0xf3 ./main.o
 *(.gnu.linkonce.wi.*)

.debug_abbrev   0x0000000000000000       0x95
 *(.debug_abbrev)
 .debug_abbrev  0x0000000000000000       0x95 ./main.o

.debug_line     0x0000000000000000      0x14b
 *(.debug_line)
 .debug_line    0x0000000000000000      0x14b ./main.o

.debug_frame    0x0000000000000000       0x74
 *(.debug_frame)
 .debug_frame   0x0000000000000000       0x74 ./main.o

.debug_str      0x0000000000000000     0x4af2
 *(.debug_str)
 .debug_str     0x0000000000000000     0x4af2 ./main.o
                                       0x4b65 (size before relaxing)

.debug_loc      0x0000000000000000       0xb1
 *(.debug_loc)
 .debug_loc     0x0000000000000000       0xb1 ./main.o

.debug_macinfo
 *(.debug_macinfo)

.debug_pubtypes
 *(.debug_pubtypes)

.debug_ranges   0x0000000000000000       0x20
 *(.debug_ranges)
 .debug_ranges  0x0000000000000000       0x20 ./main.o

.debug_macro    0x0000000000000000     0x16fa
 *(.debug_macro)
 .debug_macro   0x0000000000000000       0x96 ./main.o
 .debug_macro   0x0000000000000096      0xa12 ./main.o
 .debug_macro   0x0000000000000aa8       0x10 ./main.o
 .debug_macro   0x0000000000000ab8      0x1ad ./main.o
 .debug_macro   0x0000000000000c65      0x293 ./main.o
 .debug_macro   0x0000000000000ef8       0x9e ./main.o
 .debug_macro   0x0000000000000f96      0x55e ./main.o
 .debug_macro   0x00000000000014f4       0xc2 ./main.o
 .debug_macro   0x00000000000015b6       0xa2 ./main.o
 .debug_macro   0x0000000000001658       0x34 ./main.o
 .debug_macro   0x000000000000168c       0x18 ./main.o
 .debug_macro   0x00000000000016a4       0x34 ./main.o
 .debug_macro   0x00000000000016d8       0x22 ./main.o
OUTPUT(attiny13_capacitive_button.elf elf32-avr)
LOAD linker stubs
